Traceback (most recent call last):
  File "C:\Users\ASUS\AppData\Local\Programs\Python\Python39\lib\site-packages\jupyter_core\utils\__init__.py", line 154, in wrapped
    asyncio.get_running_loop()
RuntimeError: no running event loop

During handling of the above exception, another exception occurred:

Traceback (most recent call last):
  File "C:\Users\ASUS\AppData\Local\Programs\Python\Python39\lib\site-packages\jupyter_cache\executors\utils.py", line 58, in single_nb_execution
    executenb(
  File "C:\Users\ASUS\AppData\Local\Programs\Python\Python39\lib\site-packages\nbclient\client.py", line 1305, in execute
    return NotebookClient(nb=nb, resources=resources, km=km, **kwargs).execute()
  File "C:\Users\ASUS\AppData\Local\Programs\Python\Python39\lib\site-packages\jupyter_core\utils\__init__.py", line 158, in wrapped
    return loop.run_until_complete(inner)
  File "C:\Users\ASUS\AppData\Local\Programs\Python\Python39\lib\asyncio\base_events.py", line 642, in run_until_complete
    return future.result()
  File "C:\Users\ASUS\AppData\Local\Programs\Python\Python39\lib\site-packages\nbclient\client.py", line 705, in async_execute
    await self.async_execute_cell(
  File "C:\Users\ASUS\AppData\Local\Programs\Python\Python39\lib\site-packages\nbclient\client.py", line 1058, in async_execute_cell
    await self._check_raise_for_error(cell, cell_index, exec_reply)
  File "C:\Users\ASUS\AppData\Local\Programs\Python\Python39\lib\site-packages\nbclient\client.py", line 914, in _check_raise_for_error
    raise CellExecutionError.from_cell_and_msg(cell, exec_reply_content)
nbclient.exceptions.CellExecutionError: An error occurred while executing the following cell:
------------------
CSV_PATH = "data_polutan_bangkalan.csv"
POLLUTANTS = ["NO2", "CO", "SO2", "CH4"]

df = pd.read_csv(CSV_PATH, parse_dates=["date"])
df = df.sort_values("date").reset_index(drop=True)

n_zero = (df[POLLUTANTS] == 0).sum()
if n_zero.sum() > 0:
    print("Nilai 0.0 ditemukan dan dikonversi menjadi NaN (lihat catatan di atas):")
    print(n_zero)
    df[POLLUTANTS] = df[POLLUTANTS].where(df[POLLUTANTS] != 0)

print(f"Dimuat: {len(df)} baris, dari {df['date'].min().date()} sampai {df['date'].max().date()}")
df.head()

------------------


[1;31m---------------------------------------------------------------------------[0m
[1;31mValueError[0m                                Traceback (most recent call last)
Cell [1;32mIn[2], line 4[0m
[0;32m      1[0m CSV_PATH [38;5;241m=[39m [38;5;124m"[39m[38;5;124mdata_polutan_bangkalan.csv[39m[38;5;124m"[39m
[0;32m      2[0m POLLUTANTS [38;5;241m=[39m [[38;5;124m"[39m[38;5;124mNO2[39m[38;5;124m"[39m, [38;5;124m"[39m[38;5;124mCO[39m[38;5;124m"[39m, [38;5;124m"[39m[38;5;124mSO2[39m[38;5;124m"[39m, [38;5;124m"[39m[38;5;124mCH4[39m[38;5;124m"[39m]
[1;32m----> 4[0m df [38;5;241m=[39m [43mpd[49m[38;5;241;43m.[39;49m[43mread_csv[49m[43m([49m[43mCSV_PATH[49m[43m,[49m[43m [49m[43mparse_dates[49m[38;5;241;43m=[39;49m[43m[[49m[38;5;124;43m"[39;49m[38;5;124;43mdate[39;49m[38;5;124;43m"[39;49m[43m][49m[43m)[49m
[0;32m      5[0m df [38;5;241m=[39m df[38;5;241m.[39msort_values([38;5;124m"[39m[38;5;124mdate[39m[38;5;124m"[39m)[38;5;241m.[39mreset_index(drop[38;5;241m=[39m[38;5;28;01mTrue[39;00m)
[0;32m      7[0m n_zero [38;5;241m=[39m (df[POLLUTANTS] [38;5;241m==[39m [38;5;241m0[39m)[38;5;241m.[39msum()

File [1;32m~\AppData\Local\Programs\Python\Python39\lib\site-packages\pandas\io\parsers\readers.py:1026[0m, in [0;36mread_csv[1;34m(filepath_or_buffer, sep, delimiter, header, names, index_col, usecols, dtype, engine, converters, true_values, false_values, skipinitialspace, skiprows, skipfooter, nrows, na_values, keep_default_na, na_filter, verbose, skip_blank_lines, parse_dates, infer_datetime_format, keep_date_col, date_parser, date_format, dayfirst, cache_dates, iterator, chunksize, compression, thousands, decimal, lineterminator, quotechar, quoting, doublequote, escapechar, comment, encoding, encoding_errors, dialect, on_bad_lines, delim_whitespace, low_memory, memory_map, float_precision, storage_options, dtype_backend)[0m
[0;32m   1013[0m kwds_defaults [38;5;241m=[39m _refine_defaults_read(
[0;32m   1014[0m     dialect,
[0;32m   1015[0m     delimiter,
[1;32m   (...)[0m
[0;32m   1022[0m     dtype_backend[38;5;241m=[39mdtype_backend,
[0;32m   1023[0m )
[0;32m   1024[0m kwds[38;5;241m.[39mupdate(kwds_defaults)
[1;32m-> 1026[0m [38;5;28;01mreturn[39;00m [43m_read[49m[43m([49m[43mfilepath_or_buffer[49m[43m,[49m[43m [49m[43mkwds[49m[43m)[49m

File [1;32m~\AppData\Local\Programs\Python\Python39\lib\site-packages\pandas\io\parsers\readers.py:620[0m, in [0;36m_read[1;34m(filepath_or_buffer, kwds)[0m
[0;32m    617[0m _validate_names(kwds[38;5;241m.[39mget([38;5;124m"[39m[38;5;124mnames[39m[38;5;124m"[39m, [38;5;28;01mNone[39;00m))
[0;32m    619[0m [38;5;66;03m# Create the parser.[39;00m
[1;32m--> 620[0m parser [38;5;241m=[39m TextFileReader(filepath_or_buffer, [38;5;241m*[39m[38;5;241m*[39mkwds)
[0;32m    622[0m [38;5;28;01mif[39;00m chunksize [38;5;129;01mor[39;00m iterator:
[0;32m    623[0m     [38;5;28;01mreturn[39;00m parser

File [1;32m~\AppData\Local\Programs\Python\Python39\lib\site-packages\pandas\io\parsers\readers.py:1620[0m, in [0;36mTextFileReader.__init__[1;34m(self, f, engine, **kwds)[0m
[0;32m   1617[0m     [38;5;28mself[39m[38;5;241m.[39moptions[[38;5;124m"[39m[38;5;124mhas_index_names[39m[38;5;124m"[39m] [38;5;241m=[39m kwds[[38;5;124m"[39m[38;5;124mhas_index_names[39m[38;5;124m"[39m]
[0;32m   1619[0m [38;5;28mself[39m[38;5;241m.[39mhandles: IOHandles [38;5;241m|[39m [38;5;28;01mNone[39;00m [38;5;241m=[39m [38;5;28;01mNone[39;00m
[1;32m-> 1620[0m [38;5;28mself[39m[38;5;241m.[39m_engine [38;5;241m=[39m [38;5;28;43mself[39;49m[38;5;241;43m.[39;49m[43m_make_engine[49m[43m([49m[43mf[49m[43m,[49m[43m [49m[38;5;28;43mself[39;49m[38;5;241;43m.[39;49m[43mengine[49m[43m)[49m

File [1;32m~\AppData\Local\Programs\Python\Python39\lib\site-packages\pandas\io\parsers\readers.py:1898[0m, in [0;36mTextFileReader._make_engine[1;34m(self, f, engine)[0m
[0;32m   1895[0m     [38;5;28;01mraise[39;00m [38;5;167;01mValueError[39;00m(msg)
[0;32m   1897[0m [38;5;28;01mtry[39;00m:
[1;32m-> 1898[0m     [38;5;28;01mreturn[39;00m mapping[engine](f, [38;5;241m*[39m[38;5;241m*[39m[38;5;28mself[39m[38;5;241m.[39moptions)
[0;32m   1899[0m [38;5;28;01mexcept[39;00m [38;5;167;01mException[39;00m:
[0;32m   1900[0m     [38;5;28;01mif[39;00m [38;5;28mself[39m[38;5;241m.[39mhandles [38;5;129;01mis[39;00m [38;5;129;01mnot[39;00m [38;5;28;01mNone[39;00m:

File [1;32m~\AppData\Local\Programs\Python\Python39\lib\site-packages\pandas\io\parsers\c_parser_wrapper.py:161[0m, in [0;36mCParserWrapper.__init__[1;34m(self, src, **kwds)[0m
[0;32m    155[0m         [38;5;28mself[39m[38;5;241m.[39m_validate_usecols_names(
[0;32m    156[0m             usecols,
[0;32m    157[0m             [38;5;28mself[39m[38;5;241m.[39mnames,  [38;5;66;03m# type: ignore[has-type][39;00m
[0;32m    158[0m         )
[0;32m    160[0m [38;5;66;03m# error: Cannot determine type of 'names'[39;00m
[1;32m--> 161[0m [38;5;28;43mself[39;49m[38;5;241;43m.[39;49m[43m_validate_parse_dates_presence[49m[43m([49m[38;5;28;43mself[39;49m[38;5;241;43m.[39;49m[43mnames[49m[43m)[49m  [38;5;66;03m# type: ignore[has-type][39;00m
[0;32m    162[0m [38;5;28mself[39m[38;5;241m.[39m_set_noconvert_columns()
[0;32m    164[0m [38;5;66;03m# error: Cannot determine type of 'names'[39;00m

File [1;32m~\AppData\Local\Programs\Python\Python39\lib\site-packages\pandas\io\parsers\base_parser.py:243[0m, in [0;36mParserBase._validate_parse_dates_presence[1;34m(self, columns)[0m
[0;32m    233[0m missing_cols [38;5;241m=[39m [38;5;124m"[39m[38;5;124m, [39m[38;5;124m"[39m[38;5;241m.[39mjoin(
[0;32m    234[0m     [38;5;28msorted[39m(
[0;32m    235[0m         {
[1;32m   (...)[0m
[0;32m    240[0m     )
[0;32m    241[0m )
[0;32m    242[0m [38;5;28;01mif[39;00m missing_cols:
[1;32m--> 243[0m     [38;5;28;01mraise[39;00m [38;5;167;01mValueError[39;00m(
[0;32m    244[0m         [38;5;124mf[39m[38;5;124m"[39m[38;5;124mMissing column provided to [39m[38;5;124m'[39m[38;5;124mparse_dates[39m[38;5;124m'[39m[38;5;124m: [39m[38;5;124m'[39m[38;5;132;01m{[39;00mmissing_cols[38;5;132;01m}[39;00m[38;5;124m'[39m[38;5;124m"[39m
[0;32m    245[0m     )
[0;32m    246[0m [38;5;66;03m# Convert positions to actual column names[39;00m
[0;32m    247[0m [38;5;28;01mreturn[39;00m [
[0;32m    248[0m     col [38;5;28;01mif[39;00m ([38;5;28misinstance[39m(col, [38;5;28mstr[39m) [38;5;129;01mor[39;00m col [38;5;129;01min[39;00m columns) [38;5;28;01melse[39;00m columns[col]
[0;32m    249[0m     [38;5;28;01mfor[39;00m col [38;5;129;01min[39;00m cols_needed
[0;32m    250[0m ]

[1;31mValueError[0m: Missing column provided to 'parse_dates': 'date'

